../Core/Src/main.c:129:6:HAL_GPIO_EXTI_Callback	16	static
../Core/Src/main.c:147:5:main	192	static
../Core/Src/main.c:260:6:SystemClock_Config	88	static
../Core/Src/main.c:306:13:MX_SPI1_Init	8	static
../Core/Src/main.c:344:13:MX_TIM1_Init	32	static
../Core/Src/main.c:390:13:MX_TIM5_Init	64	static
../Core/Src/main.c:449:13:MX_TIM9_Init	24	static
../Core/Src/main.c:485:13:MX_DMA_Init	16	static
../Core/Src/main.c:503:13:MX_GPIO_Init	48	static
../Core/Src/main.c:590:6:StartDefaultTask	16	static
../Core/Src/main.c:608:6:buttonTask	40	static
../Core/Src/main.c:852:6:displayTask	40	static
../Core/Src/main.c:899:6:dacTask	16	static
../Core/Src/main.c:927:6:pwmTask	16	static
../Core/Src/main.c:958:6:HAL_TIM_PeriodElapsedCallback	24	static,ignoring_inline_asm
../Core/Src/main.c:1026:6:Error_Handler	4	static,ignoring_inline_asm
