../Core/Src/main.c:104:6:HAL_GPIO_EXTI_Callback	16	static
../Core/Src/main.c:122:5:main	192	static
../Core/Src/main.c:234:6:SystemClock_Config	88	static
../Core/Src/main.c:280:13:MX_SPI1_Init	8	static
../Core/Src/main.c:318:13:MX_TIM3_Init	32	static
../Core/Src/main.c:363:13:MX_TIM5_Init	64	static
../Core/Src/main.c:422:13:MX_TIM9_Init	24	static
../Core/Src/main.c:460:13:MX_GPIO_Init	48	static
../Core/Src/main.c:547:6:StartDefaultTask	16	static
../Core/Src/main.c:565:6:buttonTask	16	static
../Core/Src/main.c:583:6:displayTask	40	static
../Core/Src/main.c:644:6:dacTask	16	static
../Core/Src/main.c:689:6:pwmTask	16	static
../Core/Src/main.c:717:6:HAL_TIM_PeriodElapsedCallback	24	static,ignoring_inline_asm
../Core/Src/main.c:784:6:Error_Handler	4	static,ignoring_inline_asm
