../Core/Src/MAX7219.c:5:26:MAX7219_write	24	static
../Core/Src/MAX7219.c:18:26:MAX7219_setDecode	16	static
../Core/Src/MAX7219.c:28:6:MAX7219_sendDigit	16	static
../Core/Src/MAX7219.c:33:13:MAX7219_convertSymbol	16	static
../Core/Src/MAX7219.c:133:6:MAX7219_sendOneChar	16	static
../Core/Src/MAX7219.c:138:6:MAX7219_sendOffsetString	24	static
../Core/Src/MAX7219.c:152:6:MAX7219_sendString	24	static
../Core/Src/MAX7219.c:164:6:MAX7219_sendErrMsg	8	static
../Core/Src/MAX7219.c:169:9:MAX7219_sendFloatNumber	40	static
../Core/Src/MAX7219.c:193:6:MAX7219_sendNumber	48	static
../Core/Src/MAX7219.c:258:9:MAX7219_sendDuty	24	static
../Core/Src/MAX7219.c:265:9:MAX7219_sendFreq	24	static
../Core/Src/MAX7219.c:273:6:MAX7219_clearOneSegment	16	static
../Core/Src/MAX7219.c:277:6:MAX7219_blinkOneSegment	16	static
../Core/Src/MAX7219.c:281:6:MAX7219_clearAll	16	static
../Core/Src/MAX7219.c:289:19:MAX7219_init	24	static
