../Core/Src/MAX7219.c:5:26:MAX7219_write	24	static
../Core/Src/MAX7219.c:21:26:MAX7219_setDecode	16	static
../Core/Src/MAX7219.c:31:6:MAX7219_sendDigit	16	static
../Core/Src/MAX7219.c:37:13:MAX7219_convertSymbol	16	static
../Core/Src/MAX7219.c:137:6:MAX7219_sendOneChar	16	static
../Core/Src/MAX7219.c:142:6:MAX7219_sendOffsetString	24	static
../Core/Src/MAX7219.c:157:6:MAX7219_sendString	24	static
../Core/Src/MAX7219.c:170:6:MAX7219_sendErrMsg	8	static
../Core/Src/MAX7219.c:175:9:MAX7219_sendFloatNumber	40	static
../Core/Src/MAX7219.c:201:6:MAX7219_sendNumber	48	static
../Core/Src/MAX7219.c:266:9:MAX7219_sendDuty	24	static
../Core/Src/MAX7219.c:273:9:MAX7219_sendFreq	24	static
../Core/Src/MAX7219.c:281:6:MAX7219_clearOneSegment	16	static
../Core/Src/MAX7219.c:285:6:MAX7219_blinkOneSegment	16	static
../Core/Src/MAX7219.c:289:6:MAX7219_clearAll	16	static
../Core/Src/MAX7219.c:297:19:MAX7219_init	24	static
