../Core/Src/stm32f4xx_it.c:71:6:NMI_Handler	4	static
../Core/Src/stm32f4xx_it.c:86:6:HardFault_Handler	16	static,ignoring_inline_asm
../Core/Src/stm32f4xx_it.c:121:6:MemManage_Handler	4	static
../Core/Src/stm32f4xx_it.c:136:6:BusFault_Handler	4	static
../Core/Src/stm32f4xx_it.c:151:6:UsageFault_Handler	4	static
../Core/Src/stm32f4xx_it.c:166:6:DebugMon_Handler	4	static
../Core/Src/stm32f4xx_it.c:186:6:EXTI1_IRQHandler	8	static
../Core/Src/stm32f4xx_it.c:200:6:TIM1_BRK_TIM9_IRQHandler	8	static
../Core/Src/stm32f4xx_it.c:214:6:TIM2_IRQHandler	8	static
../Core/Src/stm32f4xx_it.c:228:6:EXTI15_10_IRQHandler	8	static
