../Core/Src/stm32f4xx_it.c:72:6:NMI_Handler	4	static
../Core/Src/stm32f4xx_it.c:87:6:HardFault_Handler	16	static,ignoring_inline_asm
../Core/Src/stm32f4xx_it.c:122:6:MemManage_Handler	4	static
../Core/Src/stm32f4xx_it.c:137:6:BusFault_Handler	4	static
../Core/Src/stm32f4xx_it.c:152:6:UsageFault_Handler	4	static
../Core/Src/stm32f4xx_it.c:167:6:DebugMon_Handler	4	static
../Core/Src/stm32f4xx_it.c:187:6:EXTI1_IRQHandler	8	static
../Core/Src/stm32f4xx_it.c:201:6:TIM1_BRK_TIM9_IRQHandler	8	static
../Core/Src/stm32f4xx_it.c:215:6:TIM2_IRQHandler	8	static
../Core/Src/stm32f4xx_it.c:229:6:TIM3_IRQHandler	8	static
../Core/Src/stm32f4xx_it.c:243:6:EXTI15_10_IRQHandler	8	static
